["```\nauth.warning /var/log/auth.log\n```", "```\ntarget_type(target_options)\n```", "```\n*.err @192.168.1.100\n```", "```\nsudo service rsyslog restart\n```", "```\n    server1.example.com\n    ```", "```\n    server2.example.com\n    ```", "```\n    server3.example.com\n    ```", "```\n    #!/bin/bash\n    ```", "```\n    while read server;\n    ```", "```\n    do\n    ```", "```\n    echo \"Checking rsyslog service on $server\"\n    ```", "```\n    ssh $server \"systemctl status rsyslog\" ; done < servers.txt\n    ```", "```\n    chmod +x check_rsyslog_service.sh\n    ```", "```\n    ./check_rsyslog_service.sh\n    ```", "```\nmkdir -p /var/log/remotelogs\n```", "```\nchown -R root:adm /var/log/remotelogs/\n```", "```\nsystemctl restart rsyslog\n```", "```\nsystemctl restart rsyslog\n```", "```\nss -tulpn\n```", "```\nrsyslogd -N1 -f /etc/rsyslog.d/20-remote-logs.conf\n```", "```\n    sudo apt-get update\n    ```", "```\n    sudo apt-get install logrotate\n    ```", "```\nsudo nano /etc/logrotate.d/myapp_logrotate\n```", "```\n    /path/to/your/logfile.log {\n    ```", "```\n    rotate <N>     # Number of log files to keep before removal\n    ```", "```\n    daily          # Frequency of rotation (daily, weekly, monthly, etc.)\n    ```", "```\n    missingok      # Don't throw an error if the log file is missing\n    ```", "```\n    notifempty     # Do not rotate an empty log file\n    ```", "```\n    compress       # Compress the rotated log files using gzip\n    ```", "```\n    create <mode> <user> <group> # Create new empty log file with specified permissions, user, and group\n    ```", "```\n    }\n    ```", "```\n    sudo logrotate -d /etc/logrotate.d/myapp_logrotate\n    ```", "```\n    sudo logrotate /etc/logrotate.d/myapp_logrotate\n    ```", "```\n    sudo crontab -e\n    ```", "```\n0 0 * * * /usr/sbin/logrotate /etc/logrotate.conf\n```", "```\n[voxsteel@centos8 ~]$ journalctl\n-- Logs begin at Wed 2023-01-18 14:07:03 GMT, end at Wed 2023-01-18 14:09:39 GMT. --\nJan 18 14:07:03 centos8 kernel: microcode: microcode updated early to revision 0xd6, date = 2019-10-03Jan 18 14:07:03 centos8 kernel: Linux version 4.18.0-348.7.1.el8_5.x86_64 (mockbuild@kbuilder.bsys.centos.org) (gcc version 8.5.0 20210514 (Red Hat 8.5.0>Jan 18 14:07:03 centos8 kernel: Command line: BOOT_IMAGE=(hd1,gpt2)/vmlinuz-4.18.0-348.7.1.el8_5.x86_64 root=/dev/mapper/cl-root ro crashkernel=auto resu>Jan 18 14:07:03 centos8 kernel: x86/fpu: Supporting XSAVE feature 0x001: 'x87 floating point registers'Jan 18 14:07:03 centos8 kernel: x86/fpu: Supporting XSAVE feature 0x002: 'SSE registers'Jan 18 14:07:03 centos8 kernel: x86/fpu: Supporting XSAVE feature 0x004: 'AVX registers'Jan 18 14:07:03 centos8 kernel: x86/fpu: Supporting XSAVE feature 0x008: 'MPX bounds registers'Jan 18 14:07:03 centos8 kernel: x86/fpu: Supporting XSAVE feature 0x010: 'MPX CSR'Jan 18 14:07:03 centos8 kernel: x86/fpu: xstate_offset[2]:  576, xstate_sizes[2]:  256Jan 18 14:07:03 centos8 kernel: x86/fpu: xstate_offset[3]:  832, xstate_sizes[3]:   64Jan 18 14:07:03 centos8 kernel: x86/fpu: xstate_offset[4]:  896, xstate_sizes[4]:   64Jan 18 14:07:03 centos8 kernel: x86/fpu: Enabled xstate features 0x1f, context size is 960 bytes, using 'compacted' format.Jan 18 14:07:03 centos8 kernel: BIOS-provided physical RAM map:Jan 18 14:07:03 centos8 kernel: BIOS-e820: [mem 0x0000000000000000-0x0000000000057fff] usableJan 18 14:07:03 centos8 kernel: BIOS-e820: [mem 0x0000000000058000-0x0000000000058fff] reserveJan 18 14:07:03 centos8 kernel: BIOS-e820: [mem 0x0000000000059000-0x000000000009dfff] usableJan 18 14:07:03 centos8 kernel: BIOS-e820: [mem 0x000000000009e000-0x000000000009efff] reservedJan 18 14:07:03 centos8 kernel: BIOS-e820: [mem 0x000000000009f000-0x000000000009ffff] usableJan 18 14:07:03 centos8 kernel: BIOS-e820: [mem 0x00000000000a0000-0x00000000000fffff] reservedJan 18 14:07:03 centos8 kernel: BIOS-e820: [mem 0x0000000000100000-0x00000000c70fafff] usableJan 18 14:07:03 centos8 kernel: BIOS-e820: [mem 0x00000000c70fb000-0x00000000c7c7efff] reservedJan 18 14:07:03 centos8 kernel: BIOS-e820: [mem 0x00000000c7c7f000-0x00000000c7e7efff] ACPI NVS\n```", "```\n[voxsteel@centos8 ~]$ journalctl -b\n-- Logs begin at Wed 2023-01-18 14:07:03 GMT, end at Wed 2023-01-18 16:36:10 GMT. --\nJan 18 14:07:03 centos8 kernel: microcode: microcode updated early to revision 0xd6, date = 2019-10-03\nJan 18 14:07:03 centos8 kernel: Linux version 4.18.0-348.7.1.el8_5.x86_64 (mockbuild@kbuilder.bsys.centos.org) (gcc version 8.5.0 20210514 (Red Hat 8.5.0-4) (GCC)>\nJan 18 14:07:03 centos8 kernel: Command line: BOOT_IMAGE=(hd1,gpt2)/vmlinuz-4.18.0-348.7.1.el8_5.x86_64 root=/dev/mapper/cl-root ro crashkernel=auto resume=/dev/m>\nJan 18 14:07:03 centos8 kernel: x86/fpu: Supporting XSAVE feature 0x001: 'x87 floating point registers'\nJan 18 14:07:03 centos8 kernel: x86/fpu: Enabled xstate features 0x1f, context size is 960 bytes, using 'compacted' format.\nJan 18 14:07:03 centos8 kernel: BIOS-provided physical RAM map:\nJan 18 14:07:03 centos8 kernel: BIOS-e820: [mem 0x0000000000000000-0x0000000000057fff] usable\nJan 18 14:07:03 centos8 kernel: BIOS-e820: [mem 0x0000000000058000-0x0000000000058fff] reserved\nJan 18 14:07:03 centos8 kernel: BIOS-e820: [mem 0x00000000c7eff000-0x00000000c7efffff] usable\nJan 18 14:07:03 centos8 kernel: BIOS-e820: [mem 0x00000000c7f00000-0x00000000cc7fffff] reserved\n```", "```\n[voxsteel@centos8 ~]$ journalctl -S \"10 minutes ago\"\n-- Logs begin at Wed 2023-01-18 14:07:03 GMT, end at Wed 2023-01-18 16:38:00 GMT. --\nJan 18 16:31:49 centos8 systemd[1]: run-docker-runtime\\x2drunc-moby-586ec0d1511775a767ac92e0bc680e5ca772a18e59e31f9e358f9632834faede-runc.ucvxT5.mount: Succeeded.\nJan 18 16:32:54 centos8 dbus-daemon[1048]: [system] Activating service name='org.fedoraproject.Setroubleshootd' requested by ':1.30' (uid=0 pid=987 comm=\"/usr/sbi>\nJan 18 16:32:54 centos8 dbus-daemon[1048]: [system] Successfully activated service 'org.fedoraproject.Setroubleshootd'\nJan 18 16:32:55 centos8 setroubleshoot[45450]: AnalyzeThread.run(): Cancel pending alarm\nJan 18 16:32:55 centos8 dbus-daemon[1048]: [system] Activating service name='org.fedoraproject.SetroubleshootPrivileged' requested by ':1.1032' (uid=978 pid=45450>\nJan 18 16:32:56 centos8 dbus-daemon[1048]: [system] Successfully activated service 'org.fedoraproject.SetroubleshootPrivileged'\nJan 18 16:32:57 centos8 setroubleshoot[45450]: SELinux is preventing /usr/sbin/haproxy from name_connect access on the tcp_socket port 8082\\. For complete SELinux >\nJan 18 16:32:57 centos8 setroubleshoot[45450]: SELinux is preventing /usr/sbin/haproxy from name_connect access on the tcp_socket port 8082.\n```", "```\n[voxsteel@centos8 ~]$ journalctl -k\n-- Logs begin at Wed 2023-01-18 14:07:03 GMT, end at Wed 2023-01-18 16:46:01 GMT. --\nJan 18 14:07:03 centos8 kernel: microcode: microcode updated early to revision 0xd6, date = 2019-10-03\nJan 18 14:07:03 centos8 kernel: Linux version 4.18.0-348.7.1.el8_5.x86_64 (mockbuild@kbuilder.bsys.centos.org) (gcc version 8.5.0 20210514 (Red Hat 8.5.0-4) (GCC)>\nJan 18 14:07:03 centos8 kernel: Command line: BOOT_IMAGE=(hd1,gpt2)/vmlinuz-4.18.0-348.7.1.el8_5.x86_64 root=/dev/mapper/cl-root ro crashkernel=auto resume=/dev/m>\nJan 18 14:07:03 centos8 kernel: x86/fpu: Supporting XSAVE feature 0x001: 'x87 floating point registers'\nJan 18 14:07:03 centos8 kernel: x86/fpu: Supporting XSAVE feature 0x002: 'SSE registers'\nJan 18 14:07:03 centos8 kernel: x86/fpu: Supporting XSAVE feature 0x004: 'AVX registers'\n```", "```\njournalctl -p <number or text priority>\n```", "```\ndmesg -T | less\n```", "```\n[Fri
Jan 20 08:12:36 2023] wlp2s0: associate with d4:5d:64:e1:e0:2c (try 1/3)\n[Fri
Jan 20 08:12:36 2023] wlp2s0: RX AssocResp from d4:5d:64:e1:e0:2c (capab=0x1011 status=0 aid=5)\n[Fri
Jan 20 08:12:36 2023] wlp2s0: associated\n[Fri
Jan 20 08:12:36 2023] wlp2s0: Limiting TX power to 23 (23 - 0) dBm as advertised by d4:5d:64:e1:e0:2c\n[Fri Jan 20 15:08:39 2023] atkbd serio0: Unknown key pressed (translated set 2, code 0x85 on isa0060/serio0).\n[Fri Jan 20 15:08:39 2023] atkbd serio0: Use 'setkeycodes e005 <keycode>' to make it known.\n[Mon
Jan 23 06:27:58 2023] wlp2s0: deauthenticating from d4:5d:64:e1:e0:2c by local choice (Reason: 2=PREV_AUTH_NOT_VALID)\n[Mon
Jan 23 06:27:59 2023] wlp2s0: authenticate with d4:5d:64:e1:e0:2c\n[Mon
Jan 23 06:27:59 2023] wlp2s0: send auth to d4:5d:64:e1:e0:2c (try 1/3)\n[Mon
Jan 23 06:27:59 2023] wlp2s0: authenticated\n[Mon
Jan 23 06:27:59 2023] wlp2s0: associate with d4:5d:64:e1:e0:2c (try 1/3)\n[Mon
Jan 23 06:27:59 2023] wlp2s0: RX AssocResp from d4:5d:64:e1:e0:2c (capab=0x1011 status=0 aid=5)\n[Mon
Jan 23 06:27:59 2023] wlp2s0: associated\n[Mon
Jan 23 06:27:59 2023] wlp2s0: Limiting TX power to 23 (23 - 0) dBm as advertised by d4:5d:64:e1:e0:2cresume=/dev/mapper/cl-swap rd.lvm.lv=cl/root rd.lvm.lv=cl/swap rhgb quiet\n[Wed
Jan 18 14:06:39 2023] x86/fpu: Supporting XSAVE feature 0x001: 'x87 floating point registers'\n```", "```\ndmesg –follow\n[151557.551942] wlp2s0: Limiting TX power to 23 (23 - 0) dBm as advertised by d4:5d:64:e1:e0:2c\n[176520.971449] atkbd serio0: Unknown key pressed (translated set 2, code 0x85 on isa0060/serio0).\n[176520.971452] atkbd serio0: Use 'setkeycodes e005 <keycode>' to make it known.\n[404479.355923] wlp2s0: deauthenticating from d4:5d:64:e1:e0:2c by local choice (Reason: 2=PREV_AUTH_NOT_VALID)\n[404480.713565] wlp2s0: authenticate with d4:5d:64:e1:e0:2c\n[404480.722235] wlp2s0: send auth to d4:5d:64:e1:e0:2c (try 1/3)\n[404480.724148] wlp2s0: authenticated\n[404480.724865] wlp2s0: associate with d4:5d:64:e1:e0:2c (try 1/3)\n[404480.725868] wlp2s0: RX AssocResp from d4:5d:64:e1:e0:2c (capab=0x1011 status=0 aid=5)\n[404480.727602] wlp2s0: associated\n[404480.781339] wlp2s0: Limiting TX power to 23 (23 - 0) dBm as advertised by d4:5d:64:e1:e0:2c\n```", "```\ndmesg | tail -15\n```", "```\n[    0.000000] Memory: 2839388K/12460644K available (12293K kernel code, 2261K rwdata, 7872K rodata, 2492K init, 13944K bss, 795924K reserved, 0K cma-reserved)\n[    0.021777] Freeing SMP alternatives memory: 32K\n[    0.048199] x86/mm: Memory block size: 128MB\n[    4.052723] Freeing initrd memory: 53084K\n[    4.215935] Non-volatile memory driver v1.3\n[    6.181994] Freeing unused decrypted memory: 2036K\n[    6.182301] Freeing unused kernel memory: 2492K\n[    6.188636] Freeing unused kernel memory: 2012K\n[    6.188833] Freeing unused kernel memory: 320K\n[    8.302610] i915 0000:00:02.0: [drm] Reducing the compressed framebuffer size. This may lead to less power savings than a non-reduced-size. Try to increase stolen memory size if available in BIOS.\n[   37.829370] PM: Saving platform NVS memory\n[   37.837899] PM: Restoring platform NVS memory\n```"]